n/frame_159.png
n/frame_158.png
n/frame_157.png
n/frame_156.png
n/frame_155.png
n/frame_154.png
n/frame_153.png
n/frame_152.png
n/frame_151.png
n/frame_150.png
n/frame_149.png
n/frame_148.png
n/frame_147.png
n/frame_146.png
n/frame_145.png
n/frame_144.png
n/frame_143.png
n/frame_142.png
n/frame_141.png
n/frame_140.png
n/frame_139.png
n/frame_138.png
n/frame_137.png
n/frame_136.png
n/frame_135.png
n/frame_134.png
n/frame_133.png
n/frame_132.png
n/frame_131.png
n/frame_130.png
n/frame_129.png
n/frame_128.png
n/frame_127.png
n/frame_126.png
n/frame_125.png
n/frame_124.png
n/frame_123.png
n/frame_122.png
n/frame_121.png
n/frame_120.png
n/frame_119.png
n/frame_118.png
n/frame_117.png
n/frame_116.png
n/frame_115.png
n/frame_114.png
n/frame_113.png
n/frame_112.png
n/frame_111.png
n/frame_110.png
n/frame_109.png
n/frame_108.png
n/frame_107.png
n/frame_106.png
n/frame_105.png
n/frame_104.png
n/frame_103.png
n/frame_102.png
n/frame_101.png
n/frame_100.png
n/frame_99.png
n/frame_98.png
n/frame_97.png
n/frame_96.png
n/frame_95.png
n/frame_94.png
n/frame_93.png
n/frame_92.png
n/frame_91.png
n/frame_90.png
n/frame_89.png
n/frame_88.png
n/frame_87.png
n/frame_86.png
n/frame_85.png
n/frame_84.png
n/frame_83.png
n/frame_82.png
n/frame_81.png
n/frame_80.png